predictions = offset_tree_001.pred
Num weight bits = 18
learning rate = 0.5
initial_t = 0
power_t = 0.5
using no cache
Reading datafile = train-sets/offset_tree_001.dat
num sources = 1
average  since         example        example  current  current  current
loss     last          counter         weight    label  predict features
-0.048750 -0.048750            1            1.0 1:-1:0.5 1:0.950625        2
-0.049375 -0.050000            2            2.0 2:-1:0.5 1:0.950625        2
-0.032917 0.000000            3            3.0 3:-1:0.5 1:0.950625        2
-0.024687 0.000000            4            4.0  1:0:0.5 2:0.950625        2
-0.019750 0.000000            5            5.0  2:0:0.5 3:0.975000        2
-0.016458 0.000000            6            6.0  3:0:0.5 1:0.950625        2
-0.014107 0.000000            7            7.0  1:0:0.5 3:0.975000        2
-0.012344 0.000000            8            8.0  2:0:0.5 1:0.950625        2
-0.010972 0.000000            9            9.0  3:0:0.5 3:0.975000        2
-0.014750 -0.048750           10           10.0 1:-1:0.5 1:0.950625        2
-0.017955 -0.050000           11           11.0 2:-1:0.5 2:0.950625        2
-0.016458 0.000000           12           12.0 3:-1:0.5 3:0.975000        2
-0.015192 0.000000           13           13.0  1:0:0.5 2:0.950625        2
-0.014107 0.000000           14           14.0  2:0:0.5 3:0.975000        2
-0.013167 0.000000           15           15.0  3:0:0.5 1:0.950625        2
-0.012344 0.000000           16           16.0  1:0:0.5 3:0.975000        2
-0.011618 0.000000           17           17.0  2:0:0.5 1:0.950625        2
-0.010972 0.000000           18           18.0  3:0:0.5 2:0.950625        2

finished run
number of examples = 18
weighted example sum = 18.000000
weighted label sum = 0.000000
average loss = -0.010972
total feature number = 36
