predictions = offset_tree_002.pred
Num weight bits = 18
learning rate = 0.5
initial_t = 0
power_t = 0.5
using no cache
Reading datafile = train-sets/offset_tree_002.dat
num sources = 1
average  since         example        example  current  current  current
loss     last          counter         weight    label  predict features
-0.048750 -0.048750            1            1.0 1:-1:0.5 1:0.950625        2
-0.048750 -0.048750            2            2.0 2:-1:0.5 1:0.950625        2
-0.032917 -0.001250            3            3.0 3:-1:0.5 1:0.950625        2
-0.024687 0.000000            4            4.0 4:-1:0.5 1:0.950625        2
-0.019750 0.000000            5            5.0  1:0:0.5 2:0.950625        2
-0.016458 0.000000            6            6.0  2:0:0.5 3:0.950625        2
-0.014107 0.000000            7            7.0  3:0:0.5 4:0.950625        2
-0.012344 0.000000            8            8.0  4:0:0.5 1:0.950625        2
-0.016389 -0.048750            9            9.0 1:-1:0.5 1:0.950625        2
-0.014875 -0.001250           10           10.0 2:-1:0.5 2:0.950625        2
-0.017955 -0.048750           11           11.0 3:-1:0.5 3:0.950625        2
-0.016458 0.000000           12           12.0 4:-1:0.5 1:0.950625        2
-0.015192 0.000000           13           13.0  1:0:0.5 3:0.950625        2
-0.014107 0.000000           14           14.0  2:0:0.5 4:0.950625        2
-0.013167 0.000000           15           15.0  3:0:0.5 1:0.950625        2
-0.012344 0.000000           16           16.0  4:0:0.5 4:0.950625        2
-0.014485 -0.048750           17           17.0 1:-1:0.5 1:0.950625        2
-0.016389 -0.048750           18           18.0 2:-1:0.5 2:0.950625        2
-0.018092 -0.048750           19           19.0 3:-1:0.5 3:0.950625        2
-0.017187 0.000000           20           20.0 4:-1:0.5 4:0.950625        2

finished run
number of examples = 20
weighted example sum = 20.000000
weighted label sum = 0.000000
average loss = -0.017187
total feature number = 40
