predictions = offset_tree_000.pred
Num weight bits = 18
learning rate = 0.5
initial_t = 0
power_t = 0.5
using no cache
Reading datafile = train-sets/offset_tree_000.dat
num sources = 1
average  since         example        example  current  current  current
loss     last          counter         weight    label  predict features
0.000000 0.000000            1            1.0 2:-1:0.5 1:0.975000        2
0.000000 0.000000            2            2.0  2:0:0.5 2:0.975000        2
-0.016667 -0.050000            3            3.0 1:-1:0.5 1:0.975000        2
-0.012500 0.000000            4            4.0  1:0:0.5 2:0.975000        2
-0.010000 0.000000            5            5.0 2:-1:0.5 2:0.975000        2
-0.008333 0.000000            6            6.0  2:0:0.5 1:0.975000        2
-0.014286 -0.050000            7            7.0 1:-1:0.5 1:0.975000        2
-0.012500 0.000000            8            8.0  1:0:0.5 2:0.975000        2
-0.011111 0.000000            9            9.0 2:-1:0.5 2:0.975000        2
-0.010000 0.000000           10           10.0  2:0:0.5 1:0.975000        2
-0.013636 -0.050000           11           11.0 1:-1:0.5 1:0.975000        2
-0.012500 0.000000           12           12.0  1:0:0.5 2:0.975000        2

finished run
number of examples = 12
weighted example sum = 12.000000
weighted label sum = 0.000000
average loss = -0.012500
total feature number = 24
