update is NAN, replacing with 0
update is NAN, replacing with 0
